V3 3
FL /home/vagrant/scarab3test/led_test.vhd 2017/10/14.17:05:28 P.20131013
EN work/led_Test 1508005372 FL /home/vagrant/scarab3test/led_test.vhd \
      PB ieee/std_logic_1164 1381692176 PB ieee/NUMERIC_STD 1381692181
AR work/led_Test/Behavioral 1508005373 \
      FL /home/vagrant/scarab3test/led_test.vhd EN work/led_Test 1508005372
